# Базова лінія дублювання символів (сторожа `tamga-symbol-duplication-tests`).
#
# Кожен рядок — ім'я функції, визначеної більш ніж в одному файлі `src/lib`.
# Формат: `ім'я  кількість-копій  # причина`.
#
# ЦЕ ХРАПОВИК, А НЕ СПИСОК ВИПРАВДАНЬ. Тест падає у двох випадках:
#   * зʼявилася копія, якої тут немає — нову копію завести мовчки не можна;
#   * кількість копій зросла — до вже відомого дубліката не можна тихо
#     додати ще один;
#   * тут є рядок, який більше не дублюється — його треба прибрати.
# Друга умова змушує список лише скорочуватись.
#
# Як прибирати рядок: винести спільну реалізацію (зазвичай у `src/lib/util/`),
# перевести всі місця виклику на неї, видалити копії — і видалити рядок звідси.
#
# Чому список узагалі існує. Утиліти в цьому дереві живуть в анонімних
# namespace усередині `.cpp`/`.ipp`: ззовні їх не видно й використати не можна,
# тож коли та сама потреба виникає в іншому модулі, єдиний доступний вихід —
# написати ще раз. Так з'явилися С-06 (парсер довжини DER у семи копіях),
# С-19, три копії EscapeJson і повністю скопійований SHA-256. Список фіксує
# те, що лишилося, і не дає йому рости.

# --- Не дублювання: незалежні сутності з однаковою назвою -------------------
Impl                             2  # PIMPL-структура, своя в AsicReader і AsicWriter; спільної реалізації тут бути не може
ScopedMockTransport              2  # RAII тестового сіма, окремий у HttpClient і CertificateFetcher
MapOcspStatusForRequestedCertId  2  # НЕ копія: у .h — inline-перевантаження зі скороченим списком параметрів, у .cpp — повне визначення. Запис перекваліфіковано 2026-08-28: попередня причина («оголошення й визначення розійшлися») була хибною

# --- Криптографічні/ASN.1 обгортки cryptonite ------------------------------
# Найгустіший кластер: ті самі обгортки навколо ASN.1 переписані по модулях.
# DecodeCertificate — прибрано 2026-08-28. Чотири копії відрізнялися не
# поведінкою (усі однаково fail-closed на порожньому вході), а лише способом
# віддати результат. Зведено до двох ЧЕСНО різних форм у
# `cryptonite/CertUtil`: DecodeCertificateDer (виділяє й віддає володіння)
# і DecodeCertificateDerInto (декодує у виділений обʼєкт виклику). Перша
# реалізована через другу, тож cert_decode викликається в одному місці.

# --- Розбір і форматування X.509-імен --------------------------------------
# Кластер зведено (ADR-027): пʼять функцій винесено в `util/X509Name`,
# три таблиці OID обʼєднані. Лишився лише збіг імені нижче.
# `SessionHelpers.ipp` містить переписаний `cryptonite/Names.cpp`. Саме тут
# знайдено OOB-читання: копія ExtractDerStringValue мала вразливу форму
# перевірки меж і працювала з сирими байтами сертифіката.
# OidToString — прибрано 2026-08-28. Це був НЕ дублікат, а збіг імені у
# двох різних функцій: ASN.1-форма (OBJECT_IDENTIFIER_t) і байтова.
# ASN.1-версію перейменовано на OidFromAsn1 — тепер ім'я каже, що вона
# приймає, і читачеві коду не треба щоразу з'ясовувати, яка перед ним.

# --- Кодування й дрібні перетворення ---------------------------------------
ToString                         2  # Errors.cpp + ValidationReportJson

# --- Файли й шляхи ---------------------------------------------------------
# ReadBinaryFile — прибрано 2026-08-28. Теж збіг імені, а не копія:
# у C-API був адаптер під `const char*`, у сесії — версія з МІТКОЮ в
# повідомленні про помилку. Адаптер перейменовано на ReadBinaryFileArg,
# а сесійна версія віддала читання у `util::ReadBinaryFileLimited` —
# своїм у неї лишилися тільки перевірка UTF-8 шляху і мітка.

# --- Мережа й час ----------------------------------------------------------
# Секція спорожніла 2026-08-28: IsHttpSuccess -> `core/HttpClient.h`,
# FormatAsIso8601 -> `util/Iso8601`, StableDerHash -> `util/Hex`,
# AppendAll -> `util/Vectors` (шаблон замість трьох перевантажень).

# --- XML/XAdES -------------------------------------------------------------
# Кластер зведено (ADR-027): вісім хелперів винесено в `xmldsig/XmlHelpers`.
# Тіла збігалися — це було прибирання шуму, а не виправлення дефекту.
#
# LocalName — прибрано 2026-08-28, і це НЕ був шум. Копії розходилися:
# `asic/AsicContainers` брав частину після ПЕРШОЇ двокрапки, а
# `policy/TrustListParser` — після ОСТАННЬОЇ. На коректному QName результат
# однаковий, тож симптому не було. Але TrustListParser читає довірчий список
# власним сканером, тож ім'я з ДВОМА двокрапками туди потрапляє — і поблажлива
# форма зіставляла "evil:tsl:X509Certificate" з "X509Certificate". Зведено на
# сувору форму в `util/XmlName`; закріплено
# `TestTrustListParserRejectsDoubleColonElementName`.
#

# --- Інше ------------------------------------------------------------------
